// Jest Snapshot v1, https://goo.gl/fbAQLP

exports[`Playlist Videos Listing Page Renders Matches Snapshot 1`] = `
<div
  className="playlist"
>
  <div
    className="bluroverlay"
  />
  <h1>
     Viewing Playlist: 
    
  </h1>
  <div
    className="novideo"
  >
    Playlist contains no videos. Use button below to add some.
    <div>
      <button
        className="MuiButtonBase-root MuiButton-root MuiButton-contained"
        disabled={false}
        onBlur={[Function]}
        onClick={[Function]}
        onDragLeave={[Function]}
        onFocus={[Function]}
        onKeyDown={[Function]}
        onKeyUp={[Function]}
        onMouseDown={[Function]}
        onMouseLeave={[Function]}
        onMouseUp={[Function]}
        onTouchEnd={[Function]}
        onTouchMove={[Function]}
        onTouchStart={[Function]}
        style={
          Object {
            "backgroundColor": "rgba(255,255,255,0.7)",
            "marginBottom": "20px",
            "marginTop": "20px",
          }
        }
        tabIndex={0}
        type="button"
      >
        <span
          className="MuiButton-label"
        >
          Import a New Video
        </span>
        <span
          className="MuiTouchRipple-root"
        />
      </button>
    </div>
  </div>
</div>
`;
