// Jest Snapshot v1, https://goo.gl/fbAQLP

exports[`Overall Player Module Testing Renders Matches Snapshot 1`] = `
<div>
  <button
    aria-label="Open Player"
    className="MuiButtonBase-root MuiIconButton-root MuiIconButton-colorInherit MuiIconButton-edgeStart"
    disabled={false}
    onBlur={[Function]}
    onClick={[Function]}
    onDragLeave={[Function]}
    onFocus={[Function]}
    onKeyDown={[Function]}
    onKeyUp={[Function]}
    onMouseDown={[Function]}
    onMouseLeave={[Function]}
    onMouseUp={[Function]}
    onTouchEnd={[Function]}
    onTouchMove={[Function]}
    onTouchStart={[Function]}
    tabIndex={0}
    type="button"
  >
    <span
      className="MuiIconButton-label"
    >
      <svg
        aria-hidden="true"
        className="MuiSvgIcon-root"
        focusable="false"
        variant="solid"
        viewBox="0 0 24 24"
      >
        <path
          d="M17 10.5V6H3v12h14v-4.5l4 4v-11l-4 4z"
        />
      </svg>
    </span>
    <span
      className="MuiTouchRipple-root"
    />
  </button>
</div>
`;
